Archive member included to satisfy reference by file (symbol)

c:/st/stm32cubeide_1.8.0/stm32cubeide/plugins/com.st.stm32cube.ide.mcu.externaltools.gnu-tools-for-stm32.9-2020-q2-update.win32_2.0.0.202105311346/tools/bin/../lib/gcc/arm-none-eabi/9.3.1/../../../../arm-none-eabi/lib/thumb/v7e-m+fp/hard\libc_nano.a(lib_a-errno.o)
                              ./Core/Src/syscalls.o (__errno)
c:/st/stm32cubeide_1.8.0/stm32cubeide/plugins/com.st.stm32cube.ide.mcu.externaltools.gnu-tools-for-stm32.9-2020-q2-update.win32_2.0.0.202105311346/tools/bin/../lib/gcc/arm-none-eabi/9.3.1/../../../../arm-none-eabi/lib/thumb/v7e-m+fp/hard\libc_nano.a(lib_a-exit.o)
                              c:/st/stm32cubeide_1.8.0/stm32cubeide/plugins/com.st.stm32cube.ide.mcu.externaltools.gnu-tools-for-stm32.9-2020-q2-update.win32_2.0.0.202105311346/tools/bin/../lib/gcc/arm-none-eabi/9.3.1/../../../../arm-none-eabi/lib/thumb/v7e-m+fp/hard/crt0.o (exit)
c:/st/stm32cubeide_1.8.0/stm32cubeide/plugins/com.st.stm32cube.ide.mcu.externaltools.gnu-tools-for-stm32.9-2020-q2-update.win32_2.0.0.202105311346/tools/bin/../lib/gcc/arm-none-eabi/9.3.1/../../../../arm-none-eabi/lib/thumb/v7e-m+fp/hard\libc_nano.a(lib_a-impure.o)
                              c:/st/stm32cubeide_1.8.0/stm32cubeide/plugins/com.st.stm32cube.ide.mcu.externaltools.gnu-tools-for-stm32.9-2020-q2-update.win32_2.0.0.202105311346/tools/bin/../lib/gcc/arm-none-eabi/9.3.1/../../../../arm-none-eabi/lib/thumb/v7e-m+fp/hard\libc_nano.a(lib_a-exit.o) (_global_impure_ptr)
c:/st/stm32cubeide_1.8.0/stm32cubeide/plugins/com.st.stm32cube.ide.mcu.externaltools.gnu-tools-for-stm32.9-2020-q2-update.win32_2.0.0.202105311346/tools/bin/../lib/gcc/arm-none-eabi/9.3.1/../../../../arm-none-eabi/lib/thumb/v7e-m+fp/hard\libc_nano.a(lib_a-init.o)
                              c:/st/stm32cubeide_1.8.0/stm32cubeide/plugins/com.st.stm32cube.ide.mcu.externaltools.gnu-tools-for-stm32.9-2020-q2-update.win32_2.0.0.202105311346/tools/bin/../lib/gcc/arm-none-eabi/9.3.1/../../../../arm-none-eabi/lib/thumb/v7e-m+fp/hard/crt0.o (__libc_init_array)
c:/st/stm32cubeide_1.8.0/stm32cubeide/plugins/com.st.stm32cube.ide.mcu.externaltools.gnu-tools-for-stm32.9-2020-q2-update.win32_2.0.0.202105311346/tools/bin/../lib/gcc/arm-none-eabi/9.3.1/../../../../arm-none-eabi/lib/thumb/v7e-m+fp/hard\libc_nano.a(lib_a-memset.o)
                              c:/st/stm32cubeide_1.8.0/stm32cubeide/plugins/com.st.stm32cube.ide.mcu.externaltools.gnu-tools-for-stm32.9-2020-q2-update.win32_2.0.0.202105311346/tools/bin/../lib/gcc/arm-none-eabi/9.3.1/../../../../arm-none-eabi/lib/thumb/v7e-m+fp/hard/crt0.o (memset)

Allocating common symbols
Common symbol       size              file

huart3              0x84              ./Core/Src/main.o
uwTick              0x4               ./Drivers/STM32F3xx_HAL_Driver/Src/stm32f3xx_hal.o
pFlash              0x20              ./Drivers/STM32F3xx_HAL_Driver/Src/stm32f3xx_hal_flash.o
huart2              0x84              ./Core/Src/main.o

Discarded input sections

 .text          0x0000000000000000        0x0 c:/st/stm32cubeide_1.8.0/stm32cubeide/plugins/com.st.stm32cube.ide.mcu.externaltools.gnu-tools-for-stm32.9-2020-q2-update.win32_2.0.0.202105311346/tools/bin/../lib/gcc/arm-none-eabi/9.3.1/thumb/v7e-m+fp/hard/crti.o
 .data          0x0000000000000000        0x0 c:/st/stm32cubeide_1.8.0/stm32cubeide/plugins/com.st.stm32cube.ide.mcu.externaltools.gnu-tools-for-stm32.9-2020-q2-update.win32_2.0.0.202105311346/tools/bin/../lib/gcc/arm-none-eabi/9.3.1/thumb/v7e-m+fp/hard/crti.o
 .bss           0x0000000000000000        0x0 c:/st/stm32cubeide_1.8.0/stm32cubeide/plugins/com.st.stm32cube.ide.mcu.externaltools.gnu-tools-for-stm32.9-2020-q2-update.win32_2.0.0.202105311346/tools/bin/../lib/gcc/arm-none-eabi/9.3.1/thumb/v7e-m+fp/hard/crti.o
 .data          0x0000000000000000        0x4 c:/st/stm32cubeide_1.8.0/stm32cubeide/plugins/com.st.stm32cube.ide.mcu.externaltools.gnu-tools-for-stm32.9-2020-q2-update.win32_2.0.0.202105311346/tools/bin/../lib/gcc/arm-none-eabi/9.3.1/thumb/v7e-m+fp/hard/crtbegin.o
 .text          0x0000000000000000       0x7c c:/st/stm32cubeide_1.8.0/stm32cubeide/plugins/com.st.stm32cube.ide.mcu.externaltools.gnu-tools-for-stm32.9-2020-q2-update.win32_2.0.0.202105311346/tools/bin/../lib/gcc/arm-none-eabi/9.3.1/../../../../arm-none-eabi/lib/thumb/v7e-m+fp/hard/crt0.o
 .data          0x0000000000000000        0x0 c:/st/stm32cubeide_1.8.0/stm32cubeide/plugins/com.st.stm32cube.ide.mcu.externaltools.gnu-tools-for-stm32.9-2020-q2-update.win32_2.0.0.202105311346/tools/bin/../lib/gcc/arm-none-eabi/9.3.1/../../../../arm-none-eabi/lib/thumb/v7e-m+fp/hard/crt0.o
 .bss           0x0000000000000000        0x0 c:/st/stm32cubeide_1.8.0/stm32cubeide/plugins/com.st.stm32cube.ide.mcu.externaltools.gnu-tools-for-stm32.9-2020-q2-update.win32_2.0.0.202105311346/tools/bin/../lib/gcc/arm-none-eabi/9.3.1/../../../../arm-none-eabi/lib/thumb/v7e-m+fp/hard/crt0.o
[...]
Memory Configuration

Name             Origin             Length             Attributes
CCMRAM           0x0000000010000000 0x0000000000001000 xrw
RAM              0x0000000020000000 0x0000000000003000 xrw
FLASH            0x0000000008000000 0x0000000000010000 xr
*default*        0x0000000000000000 0xffffffffffffffff

Linker script and memory map

LOAD c:/st/stm32cubeide_1.8.0/stm32cubeide/plugins/com.st.stm32cube.ide.mcu.externaltools.gnu-tools-for-stm32.9-2020-q2-update.win32_2.0.0.202105311346/tools/bin/../lib/gcc/arm-none-eabi/9.3.1/thumb/v7e-m+fp/hard/crti.o
LOAD c:/st/stm32cubeide_1.8.0/stm32cubeide/plugins/com.st.stm32cube.ide.mcu.externaltools.gnu-tools-for-stm32.9-2020-q2-update.win32_2.0.0.202105311346/tools/bin/../lib/gcc/arm-none-eabi/9.3.1/thumb/v7e-m+fp/hard/crtbegin.o
LOAD c:/st/stm32cubeide_1.8.0/stm32cubeide/plugins/com.st.stm32cube.ide.mcu.externaltools.gnu-tools-for-stm32.9-2020-q2-update.win32_2.0.0.202105311346/tools/bin/../lib/gcc/arm-none-eabi/9.3.1/../../../../arm-none-eabi/lib/thumb/v7e-m+fp/hard/crt0.o
LOAD ./Core/Src/ds18b20.o
LOAD ./Core/Src/lcd_1602.o
LOAD ./Core/Src/main.o
LOAD ./Core/Src/stm32f3xx_hal_msp.o
LOAD ./Core/Src/stm32f3xx_it.o
LOAD ./Core/Src/syscalls.o
LOAD ./Core/Src/sysmem.o
LOAD ./Core/Src/system_stm32f3xx.o
LOAD ./Core/Src/wire.o
LOAD ./Core/Startup/startup_stm32f334r8tx.o
LOAD ./Drivers/STM32F3xx_HAL_Driver/Src/stm32f3xx_hal.o
LOAD ./Drivers/STM32F3xx_HAL_Driver/Src/stm32f3xx_hal_cortex.o
LOAD ./Drivers/STM32F3xx_HAL_Driver/Src/stm32f3xx_hal_dma.o
LOAD ./Drivers/STM32F3xx_HAL_Driver/Src/stm32f3xx_hal_exti.o
LOAD ./Drivers/STM32F3xx_HAL_Driver/Src/stm32f3xx_hal_flash.o
LOAD ./Drivers/STM32F3xx_HAL_Driver/Src/stm32f3xx_hal_flash_ex.o
LOAD ./Drivers/STM32F3xx_HAL_Driver/Src/stm32f3xx_hal_gpio.o
LOAD ./Drivers/STM32F3xx_HAL_Driver/Src/stm32f3xx_hal_i2c.o
LOAD ./Drivers/STM32F3xx_HAL_Driver/Src/stm32f3xx_hal_i2c_ex.o
LOAD ./Drivers/STM32F3xx_HAL_Driver/Src/stm32f3xx_hal_pwr.o
LOAD ./Drivers/STM32F3xx_HAL_Driver/Src/stm32f3xx_hal_pwr_ex.o
LOAD ./Drivers/STM32F3xx_HAL_Driver/Src/stm32f3xx_hal_rcc.o
LOAD ./Drivers/STM32F3xx_HAL_Driver/Src/stm32f3xx_hal_rcc_ex.o
LOAD ./Drivers/STM32F3xx_HAL_Driver/Src/stm32f3xx_hal_tim.o
LOAD ./Drivers/STM32F3xx_HAL_Driver/Src/stm32f3xx_hal_tim_ex.o
LOAD ./Drivers/STM32F3xx_HAL_Driver/Src/stm32f3xx_hal_uart.o
LOAD ./Drivers/STM32F3xx_HAL_Driver/Src/stm32f3xx_hal_uart_ex.o
START GROUP
LOAD c:/st/stm32cubeide_1.8.0/stm32cubeide/plugins/com.st.stm32cube.ide.mcu.externaltools.gnu-tools-for-stm32.9-2020-q2-update.win32_2.0.0.202105311346/tools/bin/../lib/gcc/arm-none-eabi/9.3.1/../../../../arm-none-eabi/lib/thumb/v7e-m+fp/hard\libc_nano.a
LOAD c:/st/stm32cubeide_1.8.0/stm32cubeide/plugins/com.st.stm32cube.ide.mcu.externaltools.gnu-tools-for-stm32.9-2020-q2-update.win32_2.0.0.202105311346/tools/bin/../lib/gcc/arm-none-eabi/9.3.1/../../../../arm-none-eabi/lib/thumb/v7e-m+fp/hard\libm.a
END GROUP
START GROUP
LOAD c:/st/stm32cubeide_1.8.0/stm32cubeide/plugins/com.st.stm32cube.ide.mcu.externaltools.gnu-tools-for-stm32.9-2020-q2-update.win32_2.0.0.202105311346/tools/bin/../lib/gcc/arm-none-eabi/9.3.1/thumb/v7e-m+fp/hard\libgcc.a
LOAD c:/st/stm32cubeide_1.8.0/stm32cubeide/plugins/com.st.stm32cube.ide.mcu.externaltools.gnu-tools-for-stm32.9-2020-q2-update.win32_2.0.0.202105311346/tools/bin/../lib/gcc/arm-none-eabi/9.3.1/../../../../arm-none-eabi/lib/thumb/v7e-m+fp/hard\libc_nano.a
END GROUP
START GROUP
LOAD c:/st/stm32cubeide_1.8.0/stm32cubeide/plugins/com.st.stm32cube.ide.mcu.externaltools.gnu-tools-for-stm32.9-2020-q2-update.win32_2.0.0.202105311346/tools/bin/../lib/gcc/arm-none-eabi/9.3.1/thumb/v7e-m+fp/hard\libgcc.a
LOAD c:/st/stm32cubeide_1.8.0/stm32cubeide/plugins/com.st.stm32cube.ide.mcu.externaltools.gnu-tools-for-stm32.9-2020-q2-update.win32_2.0.0.202105311346/tools/bin/../lib/gcc/arm-none-eabi/9.3.1/../../../../arm-none-eabi/lib/thumb/v7e-m+fp/hard\libc_nano.a
LOAD c:/st/stm32cubeide_1.8.0/stm32cubeide/plugins/com.st.stm32cube.ide.mcu.externaltools.gnu-tools-for-stm32.9-2020-q2-update.win32_2.0.0.202105311346/tools/bin/../lib/gcc/arm-none-eabi/9.3.1/../../../../arm-none-eabi/lib/thumb/v7e-m+fp/hard\libnosys.a
END GROUP
START GROUP
LOAD c:/st/stm32cubeide_1.8.0/stm32cubeide/plugins/com.st.stm32cube.ide.mcu.externaltools.gnu-tools-for-stm32.9-2020-q2-update.win32_2.0.0.202105311346/tools/bin/../lib/gcc/arm-none-eabi/9.3.1/thumb/v7e-m+fp/hard\libgcc.a
LOAD c:/st/stm32cubeide_1.8.0/stm32cubeide/plugins/com.st.stm32cube.ide.mcu.externaltools.gnu-tools-for-stm32.9-2020-q2-update.win32_2.0.0.202105311346/tools/bin/../lib/gcc/arm-none-eabi/9.3.1/../../../../arm-none-eabi/lib/thumb/v7e-m+fp/hard\libc_nano.a
LOAD c:/st/stm32cubeide_1.8.0/stm32cubeide/plugins/com.st.stm32cube.ide.mcu.externaltools.gnu-tools-for-stm32.9-2020-q2-update.win32_2.0.0.202105311346/tools/bin/../lib/gcc/arm-none-eabi/9.3.1/../../../../arm-none-eabi/lib/thumb/v7e-m+fp/hard\libnosys.a
END GROUP
LOAD c:/st/stm32cubeide_1.8.0/stm32cubeide/plugins/com.st.stm32cube.ide.mcu.externaltools.gnu-tools-for-stm32.9-2020-q2-update.win32_2.0.0.202105311346/tools/bin/../lib/gcc/arm-none-eabi/9.3.1/thumb/v7e-m+fp/hard/crtend.o
LOAD c:/st/stm32cubeide_1.8.0/stm32cubeide/plugins/com.st.stm32cube.ide.mcu.externaltools.gnu-tools-for-stm32.9-2020-q2-update.win32_2.0.0.202105311346/tools/bin/../lib/gcc/arm-none-eabi/9.3.1/thumb/v7e-m+fp/hard/crtn.o
                0x0000000020003000                _estack = (ORIGIN (RAM) + LENGTH (RAM))
                0x0000000000000200                _Min_Heap_Size = 0x200
                0x0000000000000400                _Min_Stack_Size = 0x400

.isr_vector     0x0000000008000000      0x188
                0x0000000008000000                . = ALIGN (0x4)
 *(.isr_vector)
 .isr_vector    0x0000000008000000      0x188 ./Core/Startup/startup_stm32f334r8tx.o
                0x0000000008000000                g_pfnVectors
                0x0000000008000188                . = ALIGN (0x4)

.text           0x0000000008000188     0x2dc8
                0x0000000008000188                . = ALIGN (0x4)
 *(.text)
 .text          0x0000000008000188       0x40 c:/st/stm32cubeide_1.8.0/stm32cubeide/plugins/com.st.stm32cube.ide.mcu.externaltools.gnu-tools-for-stm32.9-2020-q2-update.win32_2.0.0.202105311346/tools/bin/../lib/gcc/arm-none-eabi/9.3.1/thumb/v7e-m+fp/hard/crtbegin.o
 *(.text*)
 .text.ds18b20_read_address
                0x00000000080001c8       0x62 ./Core/Src/ds18b20.o
                0x00000000080001c8                ds18b20_read_address
 .text.send_cmd
                0x000000000800022a       0x60 ./Core/Src/ds18b20.o
 .text.ds18b20_start_measure
                0x000000000800028a       0x1a ./Core/Src/ds18b20.o
                0x000000000800028a                ds18b20_start_measure
 .text.ds18b20_read_scratchpad
                0x00000000080002a4       0x62 ./Core/Src/ds18b20.o
 *fill*         0x0000000008000306        0x2 
 .text.ds18b20_get_temp
                0x0000000008000308       0x4c ./Core/Src/ds18b20.o
                0x0000000008000308                ds18b20_get_temp
 .text.delay_us
                0x0000000008000354       0x28 ./Core/Src/lcd_1602.o
 .text.lcd_send_4bit
                0x000000000800037c       0x94 ./Core/Src/lcd_1602.o
 .text.lcd_send
                0x0000000008000410       0x8c ./Core/Src/lcd_1602.o
 .text.lcd_data
                0x000000000800049c       0x1c ./Core/Src/lcd_1602.o
                0x000000000800049c                lcd_data
 .text.lcd_init
                0x00000000080004b8       0x3e ./Core/Src/lcd_1602.o
                0x00000000080004b8                lcd_init
 .text.lcd_gotoxy
                0x00000000080004f6       0x30 ./Core/Src/lcd_1602.o
                0x00000000080004f6                lcd_gotoxy
 .text.lcd_puts
                0x0000000008000526       0x2c ./Core/Src/lcd_1602.o
                0x0000000008000526                lcd_puts
 *fill*         0x0000000008000552        0x2 
 .text.main     0x0000000008000554       0x98 ./Core/Src/main.o
                0x0000000008000554                main
 .text.SystemClock_Config
                0x00000000080005ec       0x82 ./Core/Src/main.o
                0x00000000080005ec                SystemClock_Config
 *fill*         0x000000000800066e        0x2 
 .text.MX_USART2_UART_Init
                0x0000000008000670       0x60 ./Core/Src/main.o
 .text.MX_USART3_UART_Init
                0x00000000080006d0       0x68 ./Core/Src/main.o
 .text.MX_GPIO_Init
                0x0000000008000738       0xf8 ./Core/Src/main.o
 .text.Error_Handler
                0x0000000008000830        0xa ./Core/Src/main.o
                0x0000000008000830                Error_Handler
 *fill*         0x000000000800083a        0x2 
 .text.HAL_MspInit
                0x000000000800083c       0x48 ./Core/Src/stm32f3xx_hal_msp.o
                0x000000000800083c                HAL_MspInit
 .text.HAL_UART_MspInit
                0x0000000008000884       0xec ./Core/Src/stm32f3xx_hal_msp.o
                0x0000000008000884                HAL_UART_MspInit
 .text.NMI_Handler
                0x0000000008000970        0x6 ./Core/Src/stm32f3xx_it.o
                0x0000000008000970                NMI_Handler
 .text.HardFault_Handler
                0x0000000008000976        0x6 ./Core/Src/stm32f3xx_it.o
                0x0000000008000976                HardFault_Handler
 .text.MemManage_Handler
                0x000000000800097c        0x6 ./Core/Src/stm32f3xx_it.o
                0x000000000800097c                MemManage_Handler
 .text.BusFault_Handler
                0x0000000008000982        0x6 ./Core/Src/stm32f3xx_it.o
                0x0000000008000982                BusFault_Handler
 .text.UsageFault_Handler
                0x0000000008000988        0x6 ./Core/Src/stm32f3xx_it.o
                0x0000000008000988                UsageFault_Handler
 .text.SVC_Handler
                0x000000000800098e        0xe ./Core/Src/stm32f3xx_it.o
                0x000000000800098e                SVC_Handler
 .text.DebugMon_Handler
                0x000000000800099c        0xe ./Core/Src/stm32f3xx_it.o
                0x000000000800099c                DebugMon_Handler
 .text.PendSV_Handler
                0x00000000080009aa        0xe ./Core/Src/stm32f3xx_it.o
                0x00000000080009aa                PendSV_Handler
 .text.SysTick_Handler
                0x00000000080009b8        0xc ./Core/Src/stm32f3xx_it.o
                0x00000000080009b8                SysTick_Handler
 .text.SystemInit
                0x00000000080009c4       0x24 ./Core/Src/system_stm32f3xx.o
                0x00000000080009c4                SystemInit
 .text.set_baudrate
                0x00000000080009e8       0x6c ./Core/Src/wire.o
 .text.wire_reset
                0x0000000008000a54       0x54 ./Core/Src/wire.o
                0x0000000008000a54                wire_reset
 .text.read_bit
                0x0000000008000aa8       0x3c ./Core/Src/wire.o
 .text.wire_read
                0x0000000008000ae4       0x3e ./Core/Src/wire.o
                0x0000000008000ae4                wire_read
 *fill*         0x0000000008000b22        0x2 
 .text.write_bit
                0x0000000008000b24       0x44 ./Core/Src/wire.o
 .text.wire_write
                0x0000000008000b68       0x38 ./Core/Src/wire.o
                0x0000000008000b68                wire_write
 .text.byte_crc
                0x0000000008000ba0       0x58 ./Core/Src/wire.o
 .text.wire_crc
                0x0000000008000bf8       0x42 ./Core/Src/wire.o
                0x0000000008000bf8                wire_crc
 *fill*         0x0000000008000c3a        0x2 
 .text.Reset_Handler
                0x0000000008000c3c       0x50 ./Core/Startup/startup_stm32f334r8tx.o
                0x0000000008000c3c                Reset_Handler
 .text.Default_Handler
                0x0000000008000c8c        0x2 ./Core/Startup/startup_stm32f334r8tx.o
                0x0000000008000c8c                RTC_Alarm_IRQHandler
                0x0000000008000c8c                HRTIM1_Master_IRQHandler
                0x0000000008000c8c                TIM1_CC_IRQHandler
                0x0000000008000c8c                HRTIM1_FLT_IRQHandler
                0x0000000008000c8c                PVD_IRQHandler
                0x0000000008000c8c                HRTIM1_TIMD_IRQHandler
                0x0000000008000c8c                TAMP_STAMP_IRQHandler
                0x0000000008000c8c                EXTI3_IRQHandler
                0x0000000008000c8c                EXTI0_IRQHandler
                0x0000000008000c8c                FPU_IRQHandler
                0x0000000008000c8c                CAN_TX_IRQHandler
                0x0000000008000c8c                TIM1_UP_TIM16_IRQHandler
                0x0000000008000c8c                ADC1_2_IRQHandler
                0x0000000008000c8c                HRTIM1_TIME_IRQHandler
                0x0000000008000c8c                SPI1_IRQHandler
                0x0000000008000c8c                CAN_SCE_IRQHandler
                0x0000000008000c8c                HRTIM1_TIMC_IRQHandler
                0x0000000008000c8c                DMA1_Channel4_IRQHandler
                0x0000000008000c8c                USART3_IRQHandler
                0x0000000008000c8c                DMA1_Channel7_IRQHandler
                0x0000000008000c8c                TIM7_DAC2_IRQHandler
                0x0000000008000c8c                CAN_RX1_IRQHandler
                0x0000000008000c8c                I2C1_EV_IRQHandler
                0x0000000008000c8c                DMA1_Channel6_IRQHandler
                0x0000000008000c8c                TIM3_IRQHandler
                0x0000000008000c8c                RCC_IRQHandler
                0x0000000008000c8c                DMA1_Channel1_IRQHandler
                0x0000000008000c8c                Default_Handler
                0x0000000008000c8c                EXTI15_10_IRQHandler
                0x0000000008000c8c                COMP2_IRQHandler
                0x0000000008000c8c                HRTIM1_TIMA_IRQHandler
                0x0000000008000c8c                TIM6_DAC1_IRQHandler
                0x0000000008000c8c                EXTI9_5_IRQHandler
                0x0000000008000c8c                RTC_WKUP_IRQHandler
                0x0000000008000c8c                DMA1_Channel5_IRQHandler
                0x0000000008000c8c                EXTI4_IRQHandler
                0x0000000008000c8c                HRTIM1_TIMB_IRQHandler
                0x0000000008000c8c                TIM1_TRG_COM_TIM17_IRQHandler
                0x0000000008000c8c                DMA1_Channel3_IRQHandler
                0x0000000008000c8c                WWDG_IRQHandler
                0x0000000008000c8c                TIM2_IRQHandler
                0x0000000008000c8c                EXTI1_IRQHandler
                0x0000000008000c8c                COMP4_6_IRQHandler
                0x0000000008000c8c                USART2_IRQHandler
                0x0000000008000c8c                DMA1_Channel2_IRQHandler
                0x0000000008000c8c                FLASH_IRQHandler
                0x0000000008000c8c                USART1_IRQHandler
                0x0000000008000c8c                CAN_RX0_IRQHandler
                0x0000000008000c8c                I2C1_ER_IRQHandler
                0x0000000008000c8c                EXTI2_TSC_IRQHandler
                0x0000000008000c8c                TIM1_BRK_TIM15_IRQHandler
 *fill*         0x0000000008000c8e        0x2 
 .text.HAL_Init
                0x0000000008000c90       0x2c ./Drivers/STM32F3xx_HAL_Driver/Src/stm32f3xx_hal.o
                0x0000000008000c90                HAL_Init
 .text.HAL_InitTick
                0x0000000008000cbc       0x60 ./Drivers/STM32F3xx_HAL_Driver/Src/stm32f3xx_hal.o
                0x0000000008000cbc                HAL_InitTick
 .text.HAL_IncTick
                0x0000000008000d1c       0x28 ./Drivers/STM32F3xx_HAL_Driver/Src/stm32f3xx_hal.o
                0x0000000008000d1c                HAL_IncTick
 .text.HAL_GetTick
                0x0000000008000d44       0x18 ./Drivers/STM32F3xx_HAL_Driver/Src/stm32f3xx_hal.o
                0x0000000008000d44                HAL_GetTick
 .text.HAL_Delay
                0x0000000008000d5c       0x48 ./Drivers/STM32F3xx_HAL_Driver/Src/stm32f3xx_hal.o
                0x0000000008000d5c                HAL_Delay
 .text.__NVIC_SetPriorityGrouping
                0x0000000008000da4       0x48 ./Drivers/STM32F3xx_HAL_Driver/Src/stm32f3xx_hal_cortex.o
 .text.__NVIC_GetPriorityGrouping
                0x0000000008000dec       0x1c ./Drivers/STM32F3xx_HAL_Driver/Src/stm32f3xx_hal_cortex.o
 .text.__NVIC_SetPriority
                0x0000000008000e08       0x54 ./Drivers/STM32F3xx_HAL_Driver/Src/stm32f3xx_hal_cortex.o
 .text.NVIC_EncodePriority
                0x0000000008000e5c       0x66 ./Drivers/STM32F3xx_HAL_Driver/Src/stm32f3xx_hal_cortex.o
 *fill*         0x0000000008000ec2        0x2 
 .text.SysTick_Config
                0x0000000008000ec4       0x44 ./Drivers/STM32F3xx_HAL_Driver/Src/stm32f3xx_hal_cortex.o
 .text.HAL_NVIC_SetPriorityGrouping
                0x0000000008000f08       0x16 ./Drivers/STM32F3xx_HAL_Driver/Src/stm32f3xx_hal_cortex.o
                0x0000000008000f08                HAL_NVIC_SetPriorityGrouping
 .text.HAL_NVIC_SetPriority
                0x0000000008000f1e       0x38 ./Drivers/STM32F3xx_HAL_Driver/Src/stm32f3xx_hal_cortex.o
                0x0000000008000f1e                HAL_NVIC_SetPriority
 .text.HAL_SYSTICK_Config
                0x0000000008000f56       0x18 ./Drivers/STM32F3xx_HAL_Driver/Src/stm32f3xx_hal_cortex.o
                0x0000000008000f56                HAL_SYSTICK_Config
 *fill*         0x0000000008000f6e        0x2 
 .text.HAL_GPIO_Init
                0x0000000008000f70      0x2e4 ./Drivers/STM32F3xx_HAL_Driver/Src/stm32f3xx_hal_gpio.o
                0x0000000008000f70                HAL_GPIO_Init
 .text.HAL_GPIO_WritePin
                0x0000000008001254       0x30 ./Drivers/STM32F3xx_HAL_Driver/Src/stm32f3xx_hal_gpio.o
                0x0000000008001254                HAL_GPIO_WritePin
 .text.HAL_RCC_OscConfig
                0x0000000008001284      0xe10 ./Drivers/STM32F3xx_HAL_Driver/Src/stm32f3xx_hal_rcc.o
                0x0000000008001284                HAL_RCC_OscConfig
 .text.HAL_RCC_ClockConfig
                0x0000000008002094      0x2f8 ./Drivers/STM32F3xx_HAL_Driver/Src/stm32f3xx_hal_rcc.o
                0x0000000008002094                HAL_RCC_ClockConfig
 .text.HAL_RCC_GetSysClockFreq
                0x000000000800238c       0xd4 ./Drivers/STM32F3xx_HAL_Driver/Src/stm32f3xx_hal_rcc.o
                0x000000000800238c                HAL_RCC_GetSysClockFreq
 .text.HAL_RCC_GetHCLKFreq
                0x0000000008002460       0x18 ./Drivers/STM32F3xx_HAL_Driver/Src/stm32f3xx_hal_rcc.o
                0x0000000008002460                HAL_RCC_GetHCLKFreq
 .text.HAL_RCC_GetPCLK1Freq
                0x0000000008002478       0x44 ./Drivers/STM32F3xx_HAL_Driver/Src/stm32f3xx_hal_rcc.o
                0x0000000008002478                HAL_RCC_GetPCLK1Freq
 .text.HAL_RCC_GetPCLK2Freq
                0x00000000080024bc       0x44 ./Drivers/STM32F3xx_HAL_Driver/Src/stm32f3xx_hal_rcc.o
                0x00000000080024bc                HAL_RCC_GetPCLK2Freq
 .text.HAL_UART_Init
                0x0000000008002500       0x9c ./Drivers/STM32F3xx_HAL_Driver/Src/stm32f3xx_hal_uart.o
                0x0000000008002500                HAL_UART_Init
 .text.HAL_HalfDuplex_Init
                0x000000000800259c       0xac ./Drivers/STM32F3xx_HAL_Driver/Src/stm32f3xx_hal_uart.o
                0x000000000800259c                HAL_HalfDuplex_Init
 .text.HAL_UART_Transmit
                0x0000000008002648      0x128 ./Drivers/STM32F3xx_HAL_Driver/Src/stm32f3xx_hal_uart.o
                0x0000000008002648                HAL_UART_Transmit
 .text.HAL_UART_Receive
                0x0000000008002770      0x1a2 ./Drivers/STM32F3xx_HAL_Driver/Src/stm32f3xx_hal_uart.o
                0x0000000008002770                HAL_UART_Receive
 *fill*         0x0000000008002912        0x2 
 .text.UART_SetConfig
                0x0000000008002914      0x26c ./Drivers/STM32F3xx_HAL_Driver/Src/stm32f3xx_hal_uart.o
                0x0000000008002914                UART_SetConfig
 .text.UART_AdvFeatureConfig
                0x0000000008002b80      0x144 ./Drivers/STM32F3xx_HAL_Driver/Src/stm32f3xx_hal_uart.o
                0x0000000008002b80                UART_AdvFeatureConfig
 .text.UART_CheckIdleState
                0x0000000008002cc4       0x92 ./Drivers/STM32F3xx_HAL_Driver/Src/stm32f3xx_hal_uart.o
                0x0000000008002cc4                UART_CheckIdleState
 .text.UART_WaitOnFlagUntilTimeout
                0x0000000008002d56      0x188 ./Drivers/STM32F3xx_HAL_Driver/Src/stm32f3xx_hal_uart.o
                0x0000000008002d56                UART_WaitOnFlagUntilTimeout
 *fill*         0x0000000008002ede        0x2 
 .text.__libc_init_array
                0x0000000008002ee0       0x48 c:/st/stm32cubeide_1.8.0/stm32cubeide/plugins/com.st.stm32cube.ide.mcu.externaltools.gnu-tools-for-stm32.9-2020-q2-update.win32_2.0.0.202105311346/tools/bin/../lib/gcc/arm-none-eabi/9.3.1/../../../../arm-none-eabi/lib/thumb/v7e-m+fp/hard\libc_nano.a(lib_a-init.o)
                0x0000000008002ee0                __libc_init_array
 .text.memset   0x0000000008002f28       0x10 c:/st/stm32cubeide_1.8.0/stm32cubeide/plugins/com.st.stm32cube.ide.mcu.externaltools.gnu-tools-for-stm32.9-2020-q2-update.win32_2.0.0.202105311346/tools/bin/../lib/gcc/arm-none-eabi/9.3.1/../../../../arm-none-eabi/lib/thumb/v7e-m+fp/hard\libc_nano.a(lib_a-memset.o)
                0x0000000008002f28                memset
 *(.glue_7)
 .glue_7        0x0000000008002f38        0x0 linker stubs
 *(.glue_7t)
 .glue_7t       0x0000000008002f38        0x0 linker stubs
 *(.eh_frame)
 .eh_frame      0x0000000008002f38        0x0 c:/st/stm32cubeide_1.8.0/stm32cubeide/plugins/com.st.stm32cube.ide.mcu.externaltools.gnu-tools-for-stm32.9-2020-q2-update.win32_2.0.0.202105311346/tools/bin/../lib/gcc/arm-none-eabi/9.3.1/thumb/v7e-m+fp/hard/crtbegin.o
 *(.init)
 .init          0x0000000008002f38        0x4 c:/st/stm32cubeide_1.8.0/stm32cubeide/plugins/com.st.stm32cube.ide.mcu.externaltools.gnu-tools-for-stm32.9-2020-q2-update.win32_2.0.0.202105311346/tools/bin/../lib/gcc/arm-none-eabi/9.3.1/thumb/v7e-m+fp/hard/crti.o
                0x0000000008002f38                _init
 .init          0x0000000008002f3c        0x8 c:/st/stm32cubeide_1.8.0/stm32cubeide/plugins/com.st.stm32cube.ide.mcu.externaltools.gnu-tools-for-stm32.9-2020-q2-update.win32_2.0.0.202105311346/tools/bin/../lib/gcc/arm-none-eabi/9.3.1/thumb/v7e-m+fp/hard/crtn.o
 *(.fini)
 .fini          0x0000000008002f44        0x4 c:/st/stm32cubeide_1.8.0/stm32cubeide/plugins/com.st.stm32cube.ide.mcu.externaltools.gnu-tools-for-stm32.9-2020-q2-update.win32_2.0.0.202105311346/tools/bin/../lib/gcc/arm-none-eabi/9.3.1/thumb/v7e-m+fp/hard/crti.o
                0x0000000008002f44                _fini
 .fini          0x0000000008002f48        0x8 c:/st/stm32cubeide_1.8.0/stm32cubeide/plugins/com.st.stm32cube.ide.mcu.externaltools.gnu-tools-for-stm32.9-2020-q2-update.win32_2.0.0.202105311346/tools/bin/../lib/gcc/arm-none-eabi/9.3.1/thumb/v7e-m+fp/hard/crtn.o
                0x0000000008002f50                . = ALIGN (0x4)
                0x0000000008002f50                _etext = .

.vfp11_veneer   0x0000000008002f50        0x0
 .vfp11_veneer  0x0000000008002f50        0x0 linker stubs

.v4_bx          0x0000000008002f50        0x0
 .v4_bx         0x0000000008002f50        0x0 linker stubs

.iplt           0x0000000008002f50        0x0
 .iplt          0x0000000008002f50        0x0 c:/st/stm32cubeide_1.8.0/stm32cubeide/plugins/com.st.stm32cube.ide.mcu.externaltools.gnu-tools-for-stm32.9-2020-q2-update.win32_2.0.0.202105311346/tools/bin/../lib/gcc/arm-none-eabi/9.3.1/thumb/v7e-m+fp/hard/crtbegin.o

.rodata         0x0000000008002f50       0x58
                0x0000000008002f50                . = ALIGN (0x4)
 *(.rodata)
 .rodata        0x0000000008002f50       0x1d ./Core/Src/main.o
 *(.rodata*)
 *fill*         0x0000000008002f6d        0x3 
 .rodata.AHBPrescTable
                0x0000000008002f70       0x10 ./Core/Src/system_stm32f3xx.o
                0x0000000008002f70                AHBPrescTable
 .rodata.APBPrescTable
                0x0000000008002f80        0x8 ./Core/Src/system_stm32f3xx.o
                0x0000000008002f80                APBPrescTable
 .rodata.aPLLMULFactorTable
                0x0000000008002f88       0x10 ./Drivers/STM32F3xx_HAL_Driver/Src/stm32f3xx_hal_rcc.o
                0x0000000008002f88                aPLLMULFactorTable
 .rodata.aPredivFactorTable
                0x0000000008002f98       0x10 ./Drivers/STM32F3xx_HAL_Driver/Src/stm32f3xx_hal_rcc.o
                0x0000000008002f98                aPredivFactorTable
                0x0000000008002fa8                . = ALIGN (0x4)

.rel.dyn        0x0000000008002fa8        0x0
 .rel.iplt      0x0000000008002fa8        0x0 c:/st/stm32cubeide_1.8.0/stm32cubeide/plugins/com.st.stm32cube.ide.mcu.externaltools.gnu-tools-for-stm32.9-2020-q2-update.win32_2.0.0.202105311346/tools/bin/../lib/gcc/arm-none-eabi/9.3.1/thumb/v7e-m+fp/hard/crtbegin.o

.ARM.extab      0x0000000008002fa8        0x0
                0x0000000008002fa8                . = ALIGN (0x4)
 *(.ARM.extab* .gnu.linkonce.armextab.*)
                0x0000000008002fa8                . = ALIGN (0x4)

.ARM            0x0000000008002fa8        0x0
                0x0000000008002fa8                . = ALIGN (0x4)
                0x0000000008002fa8                __exidx_start = .
 *(.ARM.exidx*)
                0x0000000008002fa8                __exidx_end = .
                0x0000000008002fa8                . = ALIGN (0x4)

.preinit_array  0x0000000008002fa8        0x0
                0x0000000008002fa8                . = ALIGN (0x4)
                0x0000000008002fa8                PROVIDE (__preinit_array_start = .)
 *(.preinit_array*)
                0x0000000008002fa8                PROVIDE (__preinit_array_end = .)
                0x0000000008002fa8                . = ALIGN (0x4)

.init_array     0x0000000008002fa8        0x4
                0x0000000008002fa8                . = ALIGN (0x4)
                0x0000000008002fa8                PROVIDE (__init_array_start = .)
 *(SORT_BY_NAME(.init_array.*))
 *(.init_array*)
 .init_array    0x0000000008002fa8        0x4 c:/st/stm32cubeide_1.8.0/stm32cubeide/plugins/com.st.stm32cube.ide.mcu.externaltools.gnu-tools-for-stm32.9-2020-q2-update.win32_2.0.0.202105311346/tools/bin/../lib/gcc/arm-none-eabi/9.3.1/thumb/v7e-m+fp/hard/crtbegin.o
                0x0000000008002fac                PROVIDE (__init_array_end = .)
                0x0000000008002fac                . = ALIGN (0x4)

.fini_array     0x0000000008002fac        0x4
                0x0000000008002fac                . = ALIGN (0x4)
                [!provide]                        PROVIDE (__fini_array_start = .)
 *(SORT_BY_NAME(.fini_array.*))
 *(.fini_array*)
 .fini_array    0x0000000008002fac        0x4 c:/st/stm32cubeide_1.8.0/stm32cubeide/plugins/com.st.stm32cube.ide.mcu.externaltools.gnu-tools-for-stm32.9-2020-q2-update.win32_2.0.0.202105311346/tools/bin/../lib/gcc/arm-none-eabi/9.3.1/thumb/v7e-m+fp/hard/crtbegin.o
                [!provide]                        PROVIDE (__fini_array_end = .)
                0x0000000008002fb0                . = ALIGN (0x4)
                0x0000000008002fb0                _sidata = LOADADDR (.data)

.data           0x0000000020000000        0xc load address 0x0000000008002fb0
                0x0000000020000000                . = ALIGN (0x4)
                0x0000000020000000                _sdata = .
 *(.data)
 *(.data*)
 .data.SystemCoreClock
                0x0000000020000000        0x4 ./Core/Src/system_stm32f3xx.o
                0x0000000020000000                SystemCoreClock
 .data.uwTickPrio
                0x0000000020000004        0x4 ./Drivers/STM32F3xx_HAL_Driver/Src/stm32f3xx_hal.o
                0x0000000020000004                uwTickPrio
 .data.uwTickFreq
                0x0000000020000008        0x1 ./Drivers/STM32F3xx_HAL_Driver/Src/stm32f3xx_hal.o
                0x0000000020000008                uwTickFreq
 *(.RamFunc)
 *(.RamFunc*)
                0x000000002000000c                . = ALIGN (0x4)
 *fill*         0x0000000020000009        0x3 
                0x000000002000000c                _edata = .
                0x0000000008002fbc                _siccmram = LOADADDR (.ccmram)

.igot.plt       0x000000002000000c        0x0 load address 0x0000000008002fbc
 .igot.plt      0x000000002000000c        0x0 c:/st/stm32cubeide_1.8.0/stm32cubeide/plugins/com.st.stm32cube.ide.mcu.externaltools.gnu-tools-for-stm32.9-2020-q2-update.win32_2.0.0.202105311346/tools/bin/../lib/gcc/arm-none-eabi/9.3.1/thumb/v7e-m+fp/hard/crtbegin.o

.ccmram         0x0000000010000000        0x0 load address 0x0000000008002fbc
                0x0000000010000000                . = ALIGN (0x4)
                0x0000000010000000                _sccmram = .
 *(.ccmram)
 *(.ccmram*)
                0x0000000010000000                . = ALIGN (0x4)
                0x0000000010000000                _eccmram = .
                0x0000000010000000                . = ALIGN (0x4)

.bss            0x000000002000000c      0x128
                0x000000002000000c                _sbss = .
                0x000000002000000c                __bss_start__ = _sbss
 *(.bss)
 .bss           0x000000002000000c       0x1c c:/st/stm32cubeide_1.8.0/stm32cubeide/plugins/com.st.stm32cube.ide.mcu.externaltools.gnu-tools-for-stm32.9-2020-q2-update.win32_2.0.0.202105311346/tools/bin/../lib/gcc/arm-none-eabi/9.3.1/thumb/v7e-m+fp/hard/crtbegin.o
 *(.bss*)
 *(COMMON)
 COMMON         0x0000000020000028      0x108 ./Core/Src/main.o
                0x0000000020000028                huart3
                0x00000000200000ac                huart2
 COMMON         0x0000000020000130        0x4 ./Drivers/STM32F3xx_HAL_Driver/Src/stm32f3xx_hal.o
                0x0000000020000130                uwTick
                0x0000000020000134                . = ALIGN (0x4)
                0x0000000020000134                _ebss = .
                0x0000000020000134                __bss_end__ = _ebss

._user_heap_stack
                0x0000000020000134      0x604
                0x0000000020000138                . = ALIGN (0x8)
 *fill*         0x0000000020000134        0x4 
                [!provide]                        PROVIDE (end = .)
                0x0000000020000138                PROVIDE (_end = .)
                0x0000000020000338                . = (. + _Min_Heap_Size)
 *fill*         0x0000000020000138      0x200 
                0x0000000020000738                . = (. + _Min_Stack_Size)
 *fill*         0x0000000020000338      0x400 
                0x0000000020000738                . = ALIGN (0x8)

/DISCARD/
 libc.a(*)
 libm.a(*)
 libgcc.a(*)

.ARM.attributes
                0x0000000000000000       0x30
 *(.ARM.attributes)
 .ARM.attributes
                0x0000000000000000       0x1e c:/st/stm32cubeide_1.8.0/stm32cubeide/plugins/com.st.stm32cube.ide.mcu.externaltools.gnu-tools-for-stm32.9-2020-q2-update.win32_2.0.0.202105311346/tools/bin/../lib/gcc/arm-none-eabi/9.3.1/thumb/v7e-m+fp/hard/crti.o
 .ARM.attributes
                0x000000000000001e       0x34 c:/st/stm32cubeide_1.8.0/stm32cubeide/plugins/com.st.stm32cube.ide.mcu.externaltools.gnu-tools-for-stm32.9-2020-q2-update.win32_2.0.0.202105311346/tools/bin/../lib/gcc/arm-none-eabi/9.3.1/thumb/v7e-m+fp/hard/crtbegin.o
 .ARM.attributes
                0x0000000000000052       0x34 ./Core/Src/ds18b20.o
 .ARM.attributes
                0x0000000000000086       0x34 ./Core/Src/lcd_1602.o
 .ARM.attributes
                0x00000000000000ba       0x34 ./Core/Src/main.o
 .ARM.attributes
                0x00000000000000ee       0x34 ./Core/Src/stm32f3xx_hal_msp.o
 .ARM.attributes
                0x0000000000000122       0x34 ./Core/Src/stm32f3xx_it.o
 .ARM.attributes
                0x0000000000000156       0x34 ./Core/Src/system_stm32f3xx.o
 .ARM.attributes
                0x000000000000018a       0x34 ./Core/Src/wire.o
 .ARM.attributes
                0x00000000000001be       0x21 ./Core/Startup/startup_stm32f334r8tx.o
 .ARM.attributes
                0x00000000000001df       0x34 ./Drivers/STM32F3xx_HAL_Driver/Src/stm32f3xx_hal.o
 .ARM.attributes
                0x0000000000000213       0x34 ./Drivers/STM32F3xx_HAL_Driver/Src/stm32f3xx_hal_cortex.o
 .ARM.attributes
                0x0000000000000247       0x34 ./Drivers/STM32F3xx_HAL_Driver/Src/stm32f3xx_hal_gpio.o
 .ARM.attributes
                0x000000000000027b       0x34 ./Drivers/STM32F3xx_HAL_Driver/Src/stm32f3xx_hal_rcc.o
 .ARM.attributes
                0x00000000000002af       0x34 ./Drivers/STM32F3xx_HAL_Driver/Src/stm32f3xx_hal_uart.o
 .ARM.attributes
                0x00000000000002e3       0x34 c:/st/stm32cubeide_1.8.0/stm32cubeide/plugins/com.st.stm32cube.ide.mcu.externaltools.gnu-tools-for-stm32.9-2020-q2-update.win32_2.0.0.202105311346/tools/bin/../lib/gcc/arm-none-eabi/9.3.1/../../../../arm-none-eabi/lib/thumb/v7e-m+fp/hard\libc_nano.a(lib_a-init.o)
 .ARM.attributes
                0x0000000000000317       0x34 c:/st/stm32cubeide_1.8.0/stm32cubeide/plugins/com.st.stm32cube.ide.mcu.externaltools.gnu-tools-for-stm32.9-2020-q2-update.win32_2.0.0.202105311346/tools/bin/../lib/gcc/arm-none-eabi/9.3.1/../../../../arm-none-eabi/lib/thumb/v7e-m+fp/hard\libc_nano.a(lib_a-memset.o)
 .ARM.attributes
                0x000000000000034b       0x1e c:/st/stm32cubeide_1.8.0/stm32cubeide/plugins/com.st.stm32cube.ide.mcu.externaltools.gnu-tools-for-stm32.9-2020-q2-update.win32_2.0.0.202105311346/tools/bin/../lib/gcc/arm-none-eabi/9.3.1/thumb/v7e-m+fp/hard/crtn.o
OUTPUT(lcd.elf elf32-littlearm)
LOAD linker stubs
LOAD c:/st/stm32cubeide_1.8.0/stm32cubeide/plugins/com.st.stm32cube.ide.mcu.externaltools.gnu-tools-for-stm32.9-2020-q2-update.win32_2.0.0.202105311346/tools/bin/../lib/gcc/arm-none-eabi/9.3.1/../../../../arm-none-eabi/lib/thumb/v7e-m+fp/hard\libc.a
LOAD c:/st/stm32cubeide_1.8.0/stm32cubeide/plugins/com.st.stm32cube.ide.mcu.externaltools.gnu-tools-for-stm32.9-2020-q2-update.win32_2.0.0.202105311346/tools/bin/../lib/gcc/arm-none-eabi/9.3.1/../../../../arm-none-eabi/lib/thumb/v7e-m+fp/hard\libm.a
LOAD c:/st/stm32cubeide_1.8.0/stm32cubeide/plugins/com.st.stm32cube.ide.mcu.externaltools.gnu-tools-for-stm32.9-2020-q2-update.win32_2.0.0.202105311346/tools/bin/../lib/gcc/arm-none-eabi/9.3.1/thumb/v7e-m+fp/hard\libgcc.a

.debug_info     0x0000000000000000     0xa2d7
 .debug_info    0x0000000000000000      0xbe2 ./Core/Src/ds18b20.o
 .debug_info    0x0000000000000be2      0x3d5 ./Core/Src/lcd_1602.o
 .debug_info    0x0000000000000fb7      0xbf2 ./Core/Src/main.o
 .debug_info    0x0000000000001ba9      0xa02 ./Core/Src/stm32f3xx_hal_msp.o
 .debug_info    0x00000000000025ab      0x225 ./Core/Src/stm32f3xx_it.o
 .debug_info    0x00000000000027d0      0x49a ./Core/Src/system_stm32f3xx.o
 .debug_info    0x0000000000002c6a      0x97a ./Core/Src/wire.o
 .debug_info    0x00000000000035e4       0x22 ./Core/Startup/startup_stm32f334r8tx.o
 .debug_info    0x0000000000003606      0x7dd ./Drivers/STM32F3xx_HAL_Driver/Src/stm32f3xx_hal.o
 .debug_info    0x0000000000003de3      0xc09 ./Drivers/STM32F3xx_HAL_Driver/Src/stm32f3xx_hal_cortex.o
 .debug_info    0x00000000000049ec      0x83d ./Drivers/STM32F3xx_HAL_Driver/Src/stm32f3xx_hal_gpio.o
 .debug_info    0x0000000000005229     0x15b5 ./Drivers/STM32F3xx_HAL_Driver/Src/stm32f3xx_hal_rcc.o
 .debug_info    0x00000000000067de     0x3af9 ./Drivers/STM32F3xx_HAL_Driver/Src/stm32f3xx_hal_uart.o

.debug_abbrev   0x0000000000000000     0x1876
 .debug_abbrev  0x0000000000000000      0x237 ./Core/Src/ds18b20.o
 .debug_abbrev  0x0000000000000237      0x171 ./Core/Src/lcd_1602.o
 .debug_abbrev  0x00000000000003a8      0x244 ./Core/Src/main.o
 .debug_abbrev  0x00000000000005ec      0x1ac ./Core/Src/stm32f3xx_hal_msp.o
 .debug_abbrev  0x0000000000000798       0xd2 ./Core/Src/stm32f3xx_it.o
 .debug_abbrev  0x000000000000086a      0x145 ./Core/Src/system_stm32f3xx.o
 .debug_abbrev  0x00000000000009af      0x256 ./Core/Src/wire.o
 .debug_abbrev  0x0000000000000c05       0x12 ./Core/Startup/startup_stm32f334r8tx.o
 .debug_abbrev  0x0000000000000c17      0x1ed ./Drivers/STM32F3xx_HAL_Driver/Src/stm32f3xx_hal.o
 .debug_abbrev  0x0000000000000e04      0x313 ./Drivers/STM32F3xx_HAL_Driver/Src/stm32f3xx_hal_cortex.o
 .debug_abbrev  0x0000000000001117      0x1e8 ./Drivers/STM32F3xx_HAL_Driver/Src/stm32f3xx_hal_gpio.o
 .debug_abbrev  0x00000000000012ff      0x2c4 ./Drivers/STM32F3xx_HAL_Driver/Src/stm32f3xx_hal_rcc.o
 .debug_abbrev  0x00000000000015c3      0x2b3 ./Drivers/STM32F3xx_HAL_Driver/Src/stm32f3xx_hal_uart.o

.debug_aranges  0x0000000000000000      0x708
 .debug_aranges
                0x0000000000000000       0x40 ./Core/Src/ds18b20.o
 .debug_aranges
                0x0000000000000040       0x60 ./Core/Src/lcd_1602.o
 .debug_aranges
                0x00000000000000a0       0x48 ./Core/Src/main.o
 .debug_aranges
                0x00000000000000e8       0x30 ./Core/Src/stm32f3xx_hal_msp.o
 .debug_aranges
                0x0000000000000118       0x60 ./Core/Src/stm32f3xx_it.o
 .debug_aranges
                0x0000000000000178       0x28 ./Core/Src/system_stm32f3xx.o
 .debug_aranges
                0x00000000000001a0       0x58 ./Core/Src/wire.o
 .debug_aranges
                0x00000000000001f8       0x28 ./Core/Startup/startup_stm32f334r8tx.o
 .debug_aranges
                0x0000000000000220       0xe0 ./Drivers/STM32F3xx_HAL_Driver/Src/stm32f3xx_hal.o
 .debug_aranges
                0x0000000000000300      0x100 ./Drivers/STM32F3xx_HAL_Driver/Src/stm32f3xx_hal_cortex.o
 .debug_aranges
                0x0000000000000400       0x58 ./Drivers/STM32F3xx_HAL_Driver/Src/stm32f3xx_hal_gpio.o
 .debug_aranges
                0x0000000000000458       0x88 ./Drivers/STM32F3xx_HAL_Driver/Src/stm32f3xx_hal_rcc.o
 .debug_aranges
                0x00000000000004e0      0x228 ./Drivers/STM32F3xx_HAL_Driver/Src/stm32f3xx_hal_uart.o

.debug_ranges   0x0000000000000000      0x670
 .debug_ranges  0x0000000000000000       0x30 ./Core/Src/ds18b20.o
 .debug_ranges  0x0000000000000030       0x50 ./Core/Src/lcd_1602.o
 .debug_ranges  0x0000000000000080       0x38 ./Core/Src/main.o
 .debug_ranges  0x00000000000000b8       0x20 ./Core/Src/stm32f3xx_hal_msp.o
 .debug_ranges  0x00000000000000d8       0x50 ./Core/Src/stm32f3xx_it.o
 .debug_ranges  0x0000000000000128       0x18 ./Core/Src/system_stm32f3xx.o
 .debug_ranges  0x0000000000000140       0x48 ./Core/Src/wire.o
 .debug_ranges  0x0000000000000188       0x20 ./Core/Startup/startup_stm32f334r8tx.o
 .debug_ranges  0x00000000000001a8       0xd0 ./Drivers/STM32F3xx_HAL_Driver/Src/stm32f3xx_hal.o
 .debug_ranges  0x0000000000000278       0xf0 ./Drivers/STM32F3xx_HAL_Driver/Src/stm32f3xx_hal_cortex.o
 .debug_ranges  0x0000000000000368       0x48 ./Drivers/STM32F3xx_HAL_Driver/Src/stm32f3xx_hal_gpio.o
 .debug_ranges  0x00000000000003b0       0x78 ./Drivers/STM32F3xx_HAL_Driver/Src/stm32f3xx_hal_rcc.o
 .debug_ranges  0x0000000000000428      0x248 ./Drivers/STM32F3xx_HAL_Driver/Src/stm32f3xx_hal_uart.o

.debug_macro    0x0000000000000000    0x1f4b6
 .debug_macro   0x0000000000000000      0x2b8 ./Core/Src/ds18b20.o
 .debug_macro   0x00000000000002b8      0xaa8 ./Core/Src/ds18b20.o
 .debug_macro   0x0000000000000d60       0x22 ./Core/Src/ds18b20.o
 .debug_macro   0x0000000000000d82       0x4c ./Core/Src/ds18b20.o
 .debug_macro   0x0000000000000dce       0x18 ./Core/Src/ds18b20.o
 .debug_macro   0x0000000000000de6       0x94 ./Core/Src/ds18b20.o
 .debug_macro   0x0000000000000e7a       0x3c ./Core/Src/ds18b20.o
 .debug_macro   0x0000000000000eb6       0x34 ./Core/Src/ds18b20.o
 .debug_macro   0x0000000000000eea      0x174 ./Core/Src/ds18b20.o
 .debug_macro   0x000000000000105e       0x16 ./Core/Src/ds18b20.o
 .debug_macro   0x0000000000001074       0x43 ./Core/Src/ds18b20.o
 .debug_macro   0x00000000000010b7       0x57 ./Core/Src/ds18b20.o
 .debug_macro   0x000000000000110e       0x34 ./Core/Src/ds18b20.o
 .debug_macro   0x0000000000001142       0x10 ./Core/Src/ds18b20.o
 .debug_macro   0x0000000000001152       0x58 ./Core/Src/ds18b20.o
 .debug_macro   0x00000000000011aa       0x71 ./Core/Src/ds18b20.o
 .debug_macro   0x000000000000121b       0x1c ./Core/Src/ds18b20.o
 .debug_macro   0x0000000000001237      0x12a ./Core/Src/ds18b20.o
 .debug_macro   0x0000000000001361      0x339 ./Core/Src/ds18b20.o
 .debug_macro   0x000000000000169a       0x10 ./Core/Src/ds18b20.o
 .debug_macro   0x00000000000016aa       0x35 ./Core/Src/ds18b20.o
 .debug_macro   0x00000000000016df       0x20 ./Core/Src/ds18b20.o
 .debug_macro   0x00000000000016ff       0x2e ./Core/Src/ds18b20.o
 .debug_macro   0x000000000000172d       0x28 ./Core/Src/ds18b20.o
 .debug_macro   0x0000000000001755      0x103 ./Core/Src/ds18b20.o
 .debug_macro   0x0000000000001858       0x6a ./Core/Src/ds18b20.o
 .debug_macro   0x00000000000018c2      0x1df ./Core/Src/ds18b20.o
 .debug_macro   0x0000000000001aa1       0x1c ./Core/Src/ds18b20.o
 .debug_macro   0x0000000000001abd       0x22 ./Core/Src/ds18b20.o
 .debug_macro   0x0000000000001adf       0xd9 ./Core/Src/ds18b20.o
 .debug_macro   0x0000000000001bb8      0xf07 ./Core/Src/ds18b20.o
 .debug_macro   0x0000000000002abf    0x1585b ./Core/Src/ds18b20.o
 .debug_macro   0x000000000001831a       0x6d ./Core/Src/ds18b20.o
 .debug_macro   0x0000000000018387      0x151 ./Core/Src/ds18b20.o
 .debug_macro   0x00000000000184d8     0x3540 ./Core/Src/ds18b20.o
 .debug_macro   0x000000000001ba18       0x4f ./Core/Src/ds18b20.o
 .debug_macro   0x000000000001ba67      0x8f9 ./Core/Src/ds18b20.o
 .debug_macro   0x000000000001c360      0x358 ./Core/Src/ds18b20.o
 .debug_macro   0x000000000001c6b8      0x1b6 ./Core/Src/ds18b20.o
 .debug_macro   0x000000000001c86e      0x130 ./Core/Src/ds18b20.o
 .debug_macro   0x000000000001c99e      0x1d5 ./Core/Src/ds18b20.o
 .debug_macro   0x000000000001cb73      0x1bc ./Core/Src/ds18b20.o
 .debug_macro   0x000000000001cd2f       0x34 ./Core/Src/ds18b20.o
 .debug_macro   0x000000000001cd63       0x3c ./Core/Src/ds18b20.o
 .debug_macro   0x000000000001cd9f       0x57 ./Core/Src/ds18b20.o
 .debug_macro   0x000000000001cdf6       0xc5 ./Core/Src/ds18b20.o
 .debug_macro   0x000000000001cebb      0x19f ./Core/Src/ds18b20.o
 .debug_macro   0x000000000001d05a      0x22c ./Core/Src/ds18b20.o
 .debug_macro   0x000000000001d286       0x5b ./Core/Src/ds18b20.o
 .debug_macro   0x000000000001d2e1       0xa5 ./Core/Src/ds18b20.o
 .debug_macro   0x000000000001d386       0x81 ./Core/Src/ds18b20.o
 .debug_macro   0x000000000001d407       0xd3 ./Core/Src/ds18b20.o
 .debug_macro   0x000000000001d4da      0x5a5 ./Core/Src/ds18b20.o
 .debug_macro   0x000000000001da7f       0x44 ./Core/Src/ds18b20.o
 .debug_macro   0x000000000001dac3      0x2a1 ./Core/Src/ds18b20.o
 .debug_macro   0x000000000001dd64      0x1ca ./Core/Src/lcd_1602.o
 .debug_macro   0x000000000001df2e       0x8e ./Core/Src/lcd_1602.o
 .debug_macro   0x000000000001dfbc       0x51 ./Core/Src/lcd_1602.o
 .debug_macro   0x000000000001e00d       0xdf ./Core/Src/lcd_1602.o
 .debug_macro   0x000000000001e0ec       0x55 ./Core/Src/lcd_1602.o
 .debug_macro   0x000000000001e141       0xbe ./Core/Src/lcd_1602.o
 .debug_macro   0x000000000001e1ff       0x2e ./Core/Src/lcd_1602.o
 .debug_macro   0x000000000001e22d      0x1dd ./Core/Src/main.o
 .debug_macro   0x000000000001e40a       0xb8 ./Core/Src/main.o
 .debug_macro   0x000000000001e4c2       0x10 ./Core/Src/main.o
 .debug_macro   0x000000000001e4d2      0x1c1 ./Core/Src/stm32f3xx_hal_msp.o
 .debug_macro   0x000000000001e693      0x1cb ./Core/Src/stm32f3xx_it.o
 .debug_macro   0x000000000001e85e      0x1b2 ./Core/Src/system_stm32f3xx.o
 .debug_macro   0x000000000001ea10      0x1c0 ./Core/Src/wire.o
 .debug_macro   0x000000000001ebd0      0x1d6 ./Drivers/STM32F3xx_HAL_Driver/Src/stm32f3xx_hal.o
 .debug_macro   0x000000000001eda6      0x1b2 ./Drivers/STM32F3xx_HAL_Driver/Src/stm32f3xx_hal_cortex.o
 .debug_macro   0x000000000001ef58      0x1b9 ./Drivers/STM32F3xx_HAL_Driver/Src/stm32f3xx_hal_gpio.o
 .debug_macro   0x000000000001f111      0x1d6 ./Drivers/STM32F3xx_HAL_Driver/Src/stm32f3xx_hal_rcc.o
 .debug_macro   0x000000000001f2e7      0x1cf ./Drivers/STM32F3xx_HAL_Driver/Src/stm32f3xx_hal_uart.o

.debug_line     0x0000000000000000     0x9af2
 .debug_line    0x0000000000000000      0x932 ./Core/Src/ds18b20.o
 .debug_line    0x0000000000000932      0x831 ./Core/Src/lcd_1602.o
 .debug_line    0x0000000000001163      0x81b ./Core/Src/main.o
 .debug_line    0x000000000000197e      0x731 ./Core/Src/stm32f3xx_hal_msp.o
 .debug_line    0x00000000000020af      0x774 ./Core/Src/stm32f3xx_it.o
 .debug_line    0x0000000000002823      0x728 ./Core/Src/system_stm32f3xx.o
 .debug_line    0x0000000000002f4b      0x82b ./Core/Src/wire.o
 .debug_line    0x0000000000003776       0x88 ./Core/Startup/startup_stm32f334r8tx.o
 .debug_line    0x00000000000037fe      0x95d ./Drivers/STM32F3xx_HAL_Driver/Src/stm32f3xx_hal.o
 .debug_line    0x000000000000415b      0xb45 ./Drivers/STM32F3xx_HAL_Driver/Src/stm32f3xx_hal_cortex.o
 .debug_line    0x0000000000004ca0      0xaaa ./Drivers/STM32F3xx_HAL_Driver/Src/stm32f3xx_hal_gpio.o
 .debug_line    0x000000000000574a     0x1337 ./Drivers/STM32F3xx_HAL_Driver/Src/stm32f3xx_hal_rcc.o
 .debug_line    0x0000000000006a81     0x3071 ./Drivers/STM32F3xx_HAL_Driver/Src/stm32f3xx_hal_uart.o

.debug_str      0x0000000000000000    0xb8b79
 .debug_str     0x0000000000000000    0xb6722 ./Core/Src/ds18b20.o
                                      0xb6a44 (size before relaxing)
 .debug_str     0x00000000000b6722      0x692 ./Core/Src/lcd_1602.o
                                      0xb3d2d (size before relaxing)
 .debug_str     0x00000000000b6db4      0x5ce ./Core/Src/main.o
                                      0xb4307 (size before relaxing)
 .debug_str     0x00000000000b7382       0x56 ./Core/Src/stm32f3xx_hal_msp.o
                                      0xb3e22 (size before relaxing)
 .debug_str     0x00000000000b73d8       0xbd ./Core/Src/stm32f3xx_it.o
                                      0xb39c7 (size before relaxing)
 .debug_str     0x00000000000b7495       0xbd ./Core/Src/system_stm32f3xx.o
                                      0xb37ab (size before relaxing)
 .debug_str     0x00000000000b7552       0x7b ./Core/Src/wire.o
                                      0xb3b84 (size before relaxing)
 .debug_str     0x00000000000b75cd       0x36 ./Core/Startup/startup_stm32f334r8tx.o
                                         0x5f (size before relaxing)
 .debug_str     0x00000000000b7603      0x599 ./Drivers/STM32F3xx_HAL_Driver/Src/stm32f3xx_hal.o
                                      0xb3e71 (size before relaxing)
 .debug_str     0x00000000000b7b9c      0x2a2 ./Drivers/STM32F3xx_HAL_Driver/Src/stm32f3xx_hal_cortex.o
                                      0xb3e52 (size before relaxing)
 .debug_str     0x00000000000b7e3e      0x1bd ./Drivers/STM32F3xx_HAL_Driver/Src/stm32f3xx_hal_gpio.o
                                      0xb39c8 (size before relaxing)
 .debug_str     0x00000000000b7ffb      0x2f0 ./Drivers/STM32F3xx_HAL_Driver/Src/stm32f3xx_hal_rcc.o
                                      0xb3c19 (size before relaxing)
 .debug_str     0x00000000000b82eb      0x88e ./Drivers/STM32F3xx_HAL_Driver/Src/stm32f3xx_hal_uart.o
                                      0xb4429 (size before relaxing)

.comment        0x0000000000000000       0x53
 .comment       0x0000000000000000       0x53 ./Core/Src/ds18b20.o
                                         0x54 (size before relaxing)
 .comment       0x0000000000000053       0x54 ./Core/Src/lcd_1602.o
 .comment       0x0000000000000053       0x54 ./Core/Src/main.o
 .comment       0x0000000000000053       0x54 ./Core/Src/stm32f3xx_hal_msp.o
 .comment       0x0000000000000053       0x54 ./Core/Src/stm32f3xx_it.o
 .comment       0x0000000000000053       0x54 ./Core/Src/system_stm32f3xx.o
 .comment       0x0000000000000053       0x54 ./Core/Src/wire.o
 .comment       0x0000000000000053       0x54 ./Drivers/STM32F3xx_HAL_Driver/Src/stm32f3xx_hal.o
 .comment       0x0000000000000053       0x54 ./Drivers/STM32F3xx_HAL_Driver/Src/stm32f3xx_hal_cortex.o
 .comment       0x0000000000000053       0x54 ./Drivers/STM32F3xx_HAL_Driver/Src/stm32f3xx_hal_gpio.o
 .comment       0x0000000000000053       0x54 ./Drivers/STM32F3xx_HAL_Driver/Src/stm32f3xx_hal_rcc.o
 .comment       0x0000000000000053       0x54 ./Drivers/STM32F3xx_HAL_Driver/Src/stm32f3xx_hal_uart.o

.debug_frame    0x0000000000000000     0x1ad8
 .debug_frame   0x0000000000000000       0xcc ./Core/Src/ds18b20.o
 .debug_frame   0x00000000000000cc      0x148 ./Core/Src/lcd_1602.o
 .debug_frame   0x0000000000000214       0xc8 ./Core/Src/main.o
 .debug_frame   0x00000000000002dc       0x7c ./Core/Src/stm32f3xx_hal_msp.o
 .debug_frame   0x0000000000000358      0x104 ./Core/Src/stm32f3xx_it.o
 .debug_frame   0x000000000000045c       0x58 ./Core/Src/system_stm32f3xx.o
 .debug_frame   0x00000000000004b4      0x134 ./Core/Src/wire.o
 .debug_frame   0x00000000000005e8      0x334 ./Drivers/STM32F3xx_HAL_Driver/Src/stm32f3xx_hal.o
 .debug_frame   0x000000000000091c      0x428 ./Drivers/STM32F3xx_HAL_Driver/Src/stm32f3xx_hal_cortex.o
 .debug_frame   0x0000000000000d44      0x14c ./Drivers/STM32F3xx_HAL_Driver/Src/stm32f3xx_hal_gpio.o
 .debug_frame   0x0000000000000e90      0x214 ./Drivers/STM32F3xx_HAL_Driver/Src/stm32f3xx_hal_rcc.o
 .debug_frame   0x00000000000010a4      0x9e8 ./Drivers/STM32F3xx_HAL_Driver/Src/stm32f3xx_hal_uart.o
 .debug_frame   0x0000000000001a8c       0x2c c:/st/stm32cubeide_1.8.0/stm32cubeide/plugins/com.st.stm32cube.ide.mcu.externaltools.gnu-tools-for-stm32.9-2020-q2-update.win32_2.0.0.202105311346/tools/bin/../lib/gcc/arm-none-eabi/9.3.1/../../../../arm-none-eabi/lib/thumb/v7e-m+fp/hard\libc_nano.a(lib_a-init.o)
 .debug_frame   0x0000000000001ab8       0x20 c:/st/stm32cubeide_1.8.0/stm32cubeide/plugins/com.st.stm32cube.ide.mcu.externaltools.gnu-tools-for-stm32.9-2020-q2-update.win32_2.0.0.202105311346/tools/bin/../lib/gcc/arm-none-eabi/9.3.1/../../../../arm-none-eabi/lib/thumb/v7e-m+fp/hard\libc_nano.a(lib_a-memset.o)
